Script started on 2026-08-12 22:48:27+08:00 [COMMAND="cargo run --quiet -p spj-demo" <not executed on terminal>]
======================================================================
 STATIC PAYJOIN — recorded property demonstration
 regtest, in-process directory, real wire bytes
======================================================================

======================================================================
 SCENE 1 — Static reuse without address reuse
======================================================================
  CLAIM: One published payment string is paid three times by two
  CLAIM: senders. Every payment lands on a distinct taproot output,
  CLAIM: and a receiver restored from nothing but seed material
  CLAIM: recovers every coin.

  * the receiver publishes one static payment string and goes about
    its day
      static string: bitcoin:bcrt1prmuytrgjrcxqc8sqsfynrragj320g3fs90rjsqmd6gcrs22enjpqkdtks0?pjos=0&pj=HTTPS://MAILROOM.LOCALHOST/P82Q3E27SRG82%23OH1QYPL4MEDFFYGSK2CT5CLXTGYZJUN2KLPD55WTESAUSGDFSKY7YYWDQQ-RK1QW2RZK498J9YHGE0MN923JKGLZ229NXD9X2NQC63J04D6RRUDLWL5
      | the address slot is a placeholder derived from the receiver's
      | spend key; each sender replaces it with an output only they
      | can derive, so the string itself never appears on chain
  * payment 1: Alice derives her one-time output and posts to the
    queue
      payjoin txid: f325e96c90788c3253fe0e04db3ddf1479f602fead403a79eb409aed22b445cb
      receiver output: bcrt1pujxnrvucxgadghvv9k98fw0c2k4hs68kk5eyudzt4fdz2r8q74tstwrvtm — fresh wallet address (payjoin)
  * payment 2: Bob pays the same string; his derivation differs
      payjoin txid: 75f843e892c6a511b984b6c6340f27479898b0951332494a675eaa39d5a0c445
      receiver output: bcrt1p0m5demttd8w7m0q8n6cvx3spgv0gq7fw3y8tl3l36swd7q490q2q55q43l — fresh wallet address (payjoin)
  * payment 3: Bob pays the string again, but the receiver is away;
    Bob's patience lapses and his wallet broadcasts the original
    transaction unchanged
      fallback txid: 03c16b38ec8d91ab0e0c886327c4a39c7de1aa2fc7fe11767a735c4ffab60a64
      receiver output: bcrt1pwzqdam9um0ncztr2z0rhcz8jcc7t28pfwz0w0wwpfnf8gxh05nhsy4t8a7 — derived one-time output
  * compare the three on-chain receiver outputs
      payment 1: bcrt1pujxnrvucxgadghvv9k98fw0c2k4hs68kk5eyudzt4fdz2r8q74tstwrvtm
      payment 2: bcrt1p0m5demttd8w7m0q8n6cvx3spgv0gq7fw3y8tl3l36swd7q490q2q55q43l
      payment 3: bcrt1pwzqdam9um0ncztr2z0rhcz8jcc7t28pfwz0w0wwpfnf8gxh05nhsy4t8a7
  * disaster drill: throw the receiver's wallet away and restore on
    a fresh one from seed material alone
      restored wallet rescan balance: 5.70000000 BTC
  * scan the chain with the scan key for anything the rescan missed
      silent payment scan: 1 unclaimed payment(s) found
      sweep txid: 3e815aef1658dcdd905072df90915dbdd49073277ee415adf73021c13915cf87

  VERDICT [PASS]: three payments, three distinct taproot outputs; wallet
                 rescan recovered 5.70000000 BTC and the scan key
                 recovered the 0.19999800 BTC fallback. Nothing depended
                 on receiver state surviving.

======================================================================
 SCENE 2 — Async first contact via the board
======================================================================
  CLAIM: A sender reaches a receiver who is not online. It posts to
  CLAIM: the board while the receiver process is down; the receiver
  CLAIM: starts later, finds its one real notification among decoys,
  CLAIM: and completes the payment. The directory sees only sized
  CLAIM: ciphertext.

  * the board already holds decoy notifications from unrelated
    senders
      decoys resident: 6
  * the receiver process is DOWN — no poll loop is running
  * Carol posts her payment to the queue and a notification to the
    board
      board post status: 200
      proof-of-work hashes: 187
  * show everything the directory operator can observe
      stored objects: 15
      total bytes at rest: 47071
      | the operator sees opaque ids and byte counts. It cannot tell a
      | real notification from a decoy, cannot read a queue frame, and
      | cannot link a board entry to a queue mailbox
  * hours pass (advance the chain), then the receiver starts back up
      board entries scanned: 7
      notifications addressed to me: 1
  * the notification says to poll; the receiver drains its queue
      completed payjoin txid: b5d80af8bbad967e046bd7370941757505bb23488a5633235bc335dca8e19647

  VERDICT [PASS]: the receiver was offline when the payment began and
                 still completed it, having found exactly one real
                 notification among the decoys. The directory never saw
                 anything but sized blobs.

======================================================================
 SCENE 3 — The floor
======================================================================
  CLAIM: The receiver never responds. No payment is lost: the
  CLAIM: sender's patience elapses, it broadcasts the original
  CLAIM: transaction, and the receiver's later scan finds an ordinary
  CLAIM: silent payment.

  * Dave pays the string; the receiver is gone for good
      intended output: bcrt1pxkew6eug479m820xz0s4q89r7xdn98rpn9phjsz8qk7fa4h3kshs8tfhe4
  * the receiver never polls; Dave's patience window closes
      broadcast: original transaction (no receiver contribution)
      fallback txid: 452e4b79ba127fb7ddadbdda4cf86b97355b92b95a33d02fae2f7c452d9792fd
  * later, the receiver scans the chain with its scan key
      silent payments found: 2
      recovered: 0.70000000 BTC

  VERDICT [PASS]: no failure path loses a payment. The receiver went dark
                 and the worst case was a vanilla silent payment the
                 receiver still owns.

======================================================================
 SCENE 4 — Token upgrade for a returning sender
======================================================================
  CLAIM: The board carries first contact only. After one payment the
  CLAIM: receiver hands the sender a token; the next payment presents
  CLAIM: it and reaches the queue directly, with no board entry and
  CLAIM: no proof of work.

  * first payment: Frank is a stranger, so he announces on the board
      board notification: posted
      proof-of-work hashes: 719
      first payjoin txid: e817f33cd04c620092d560bf0fa2764c606f341937eac4d098f1c81dad72e4a4
  * the receiver includes a queue token in its reply
      token issued: tkn-e817f33cd04c620092d560bf0fa2764c606f341937eac4d098f1c81dad72e4a4
  * second payment: Frank presents the token and skips the board
      second payjoin txid: 3d36d0ed5074b2d5e3dcd6de51152596a5f6bcae5db88090f54c9055473d5376
      board entries before / after second payment: 8 / 8

  VERDICT [PASS]: the returning payment reached the queue with a token and
                 left no board entry. Demo-side token; production gates
                 it at the mailroom queue, which this branch does not yet
                 enforce.

======================================================================
 SCENE 5 — The spam gauntlet
======================================================================
  CLAIM: Every class of junk an attacker can send meets a mechanism
  CLAIM: that drops or prices it. Regtest coins are free, so this
  CLAIM: proves the mechanisms and quotes mainnet economics; it does
  CLAIM: not pretend to buy the capital wall.

  * class (a): garbage notifications flung at the board

      LEDGER — (a) board garbage
        attacker: unworked posts rejected      8 / 8
        attacker: worked posts admitted        12 / 12
        attacker: hashes burned for admission  31547
        receiver: blobs scanned                13
        receiver: bytes downloaded             6656
        receiver: scan time                    9.048727ms
        receiver: real notifications found     1
      | on mainnet the board post is gated by a real cost, and the
      | receiver's scan is a cheap trial-decryption per blob. Here it
      | is microseconds; the mechanism, not the free regtest scale, is
      | the point
  * class (b): garbage frames posted directly to the queue

      LEDGER — (b) addressed garbage
        attacker: garbage frames injected   6
        receiver: frames trial-decrypted    7
        receiver: drain time                45.102462ms
        receiver: real proposals recovered  1
  * class (c): a valid probe crafted to extract a response

      LEDGER — (c) valid-decoy probe
        attacker: probe cost (spent to receiver)  0.30000000 BTC
        receiver: on-chain revenue                0.30000000 BTC
        attacker: re-probes of the same coin      1
        receiver: re-probes dropped by dedupe     1
      | the abort broadcasts the prober's own transaction, so a probe
      | is never free: it either gets no response or pays the
      | receiver. The same coin cannot be shown twice
  * class (f): flood the board to its cap
  * an honest stranger tries to announce, but the board is full

      LEDGER — (f) board-cap flood
        attacker: board posts to reach cap  7
        attacker: hashes burned             29112
        attacker: regtest coin cost         0 (free on regtest)
        honest sender: board post status    503
        honest sender: payment outcome      completed as vanilla silent payment
        payments failed                     0
      | on mainnet reaching the anonymity set means holding roughly
      | 238K taproot keys of at least 500K sats each behind per-post
      | work. The attacker here spent free regtest coins to downgrade
      | exactly one stranger's upgrade; nobody lost a payment

  VERDICT [PASS]: each spam class was dropped or priced. The mechanisms
                 hold: proof of work per board post, trial decryption for
                 addressed junk, a one-show abort that turns probes into
                 revenue, seen-outpoint dedupe, and a board cap that at
                 worst downgrades one upgrade to vanilla silent payment.
                 Zero payments failed.

Script done on 2026-08-12 22:49:00+08:00 [COMMAND_EXIT_CODE="0"]
